Running Gradle task 'assembleDebug'...                          
flutter : Warning: Flutter support for your project's Kotlin version (1.9.21) will soon be dropped. Please upgrade your Kotlin version to a version of at least 2.1.0 
soon.
At line:1 char:64
+ ... Connect\untitled\ITM-Connect"; flutter build apk --debug 2>&1 | Tee-O ...
+                                    ~~~~~~~~~~~~~~~~~~~~~~~~~~~~~~
    + CategoryInfo          : NotSpecified: (Warning: Flutte...ast 2.1.0 soon.:String) [], RemoteException
    + FullyQualifiedErrorId : NativeCommandError
 
Alternatively, use the flag "--android-skip-build-dependency-validation" to bypass this check.

Potential fix: Your project's KGP version is typically defined in the plugins block of the `settings.gradle` file (C:\Users\tonmoy\Desktop\ITM 
Connect\untitled\ITM-Connect\android/settings.gradle), by a plugin with the id of org.jetbrains.kotlin.android. 
If you don't see a plugins block, your project was likely created with an older template version, in which case it is most likely defined in the top-level build.gradle 
file (C:\Users\tonmoy\Desktop\ITM Connect\untitled\ITM-Connect\android/build.gradle) by the ext.kotlin_version property.

e: file:///C:/Users/tonmoy/AppData/Local/Pub/Cache/hosted/pub.dev/webview_flutter_android-4.10.7/android/src/main/java/io/flutter/plugins/webviewflutter/AndroidWebkitLib
rary.g.kt:222:71 Type argument is not within its bounds: should be subtype of 'Any'

FAILURE: Build failed with an exception.

* What went wrong:
Execution failed for task ':webview_flutter_android:compileDebugKotlin'.
> A failure occurred while executing org.jetbrains.kotlin.compilerRunner.GradleCompilerRunnerWithWorkers$GradleKotlinCompilerWorkAction
   > Compilation error. See log for more details

* Try:
> Run with --stacktrace option to get the stack trace.
> Run with --info or --debug option to get more log output.
> Run with --scan to get full insights.
> Get more help at https://help.gradle.org.

BUILD FAILED in 3m 31s
Running Gradle task 'assembleDebug'...                            214.0s
Gradle task assembleDebug failed with exit code 1
